Archive member included to satisfy reference by file (symbol)

/Applications/STM32CubeIDE.app/Contents/Eclipse/plugins/com.st.stm32cube.ide.mcu.externaltools.gnu-tools-for-stm32.10.3-2021.10.macos64_1.0.100.202210260954/tools/bin/../lib/gcc/arm-none-eabi/10.3.1/../../../../arm-none-eabi/lib/thumb/v7e-m+fp/hard/libc_nano.a(lib_a-errno.o)
                              ./Core/Src/syscalls.o (__errno)
/Applications/STM32CubeIDE.app/Contents/Eclipse/plugins/com.st.stm32cube.ide.mcu.externaltools.gnu-tools-for-stm32.10.3-2021.10.macos64_1.0.100.202210260954/tools/bin/../lib/gcc/arm-none-eabi/10.3.1/../../../../arm-none-eabi/lib/thumb/v7e-m+fp/hard/libc_nano.a(lib_a-exit.o)
                              /Applications/STM32CubeIDE.app/Contents/Eclipse/plugins/com.st.stm32cube.ide.mcu.externaltools.gnu-tools-for-stm32.10.3-2021.10.macos64_1.0.100.202210260954/tools/bin/../lib/gcc/arm-none-eabi/10.3.1/../../../../arm-none-eabi/lib/thumb/v7e-m+fp/hard/crt0.o (exit)
/Applications/STM32CubeIDE.app/Contents/Eclipse/plugins/com.st.stm32cube.ide.mcu.externaltools.gnu-tools-for-stm32.10.3-2021.10.macos64_1.0.100.202210260954/tools/bin/../lib/gcc/arm-none-eabi/10.3.1/../../../../arm-none-eabi/lib/thumb/v7e-m+fp/hard/libc_nano.a(lib_a-impure.o)
                              /Applications/STM32CubeIDE.app/Contents/Eclipse/plugins/com.st.stm32cube.ide.mcu.externaltools.gnu-tools-for-stm32.10.3-2021.10.macos64_1.0.100.202210260954/tools/bin/../lib/gcc/arm-none-eabi/10.3.1/../../../../arm-none-eabi/lib/thumb/v7e-m+fp/hard/libc_nano.a(lib_a-exit.o) (_global_impure_ptr)
/Applications/STM32CubeIDE.app/Contents/Eclipse/plugins/com.st.stm32cube.ide.mcu.externaltools.gnu-tools-for-stm32.10.3-2021.10.macos64_1.0.100.202210260954/tools/bin/../lib/gcc/arm-none-eabi/10.3.1/../../../../arm-none-eabi/lib/thumb/v7e-m+fp/hard/libc_nano.a(lib_a-init.o)
                              /Applications/STM32CubeIDE.app/Contents/Eclipse/plugins/com.st.stm32cube.ide.mcu.externaltools.gnu-tools-for-stm32.10.3-2021.10.macos64_1.0.100.202210260954/tools/bin/../lib/gcc/arm-none-eabi/10.3.1/../../../../arm-none-eabi/lib/thumb/v7e-m+fp/hard/crt0.o (__libc_init_array)
/Applications/STM32CubeIDE.app/Contents/Eclipse/plugins/com.st.stm32cube.ide.mcu.externaltools.gnu-tools-for-stm32.10.3-2021.10.macos64_1.0.100.202210260954/tools/bin/../lib/gcc/arm-none-eabi/10.3.1/../../../../arm-none-eabi/lib/thumb/v7e-m+fp/hard/libc_nano.a(lib_a-malloc.o)
                              ./Middlewares/ST/STM32_USB_Host_Library/Class/CDC/Src/usbh_cdc.o (malloc)
/Applications/STM32CubeIDE.app/Contents/Eclipse/plugins/com.st.stm32cube.ide.mcu.externaltools.gnu-tools-for-stm32.10.3-2021.10.macos64_1.0.100.202210260954/tools/bin/../lib/gcc/arm-none-eabi/10.3.1/../../../../arm-none-eabi/lib/thumb/v7e-m+fp/hard/libc_nano.a(lib_a-memset.o)
                              /Applications/STM32CubeIDE.app/Contents/Eclipse/plugins/com.st.stm32cube.ide.mcu.externaltools.gnu-tools-for-stm32.10.3-2021.10.macos64_1.0.100.202210260954/tools/bin/../lib/gcc/arm-none-eabi/10.3.1/../../../../arm-none-eabi/lib/thumb/v7e-m+fp/hard/crt0.o (memset)
/Applications/STM32CubeIDE.app/Contents/Eclipse/plugins/com.st.stm32cube.ide.mcu.externaltools.gnu-tools-for-stm32.10.3-2021.10.macos64_1.0.100.202210260954/tools/bin/../lib/gcc/arm-none-eabi/10.3.1/../../../../arm-none-eabi/lib/thumb/v7e-m+fp/hard/libc_nano.a(lib_a-nano-freer.o)
                              /Applications/STM32CubeIDE.app/Contents/Eclipse/plugins/com.st.stm32cube.ide.mcu.externaltools.gnu-tools-for-stm32.10.3-2021.10.macos64_1.0.100.202210260954/tools/bin/../lib/gcc/arm-none-eabi/10.3.1/../../../../arm-none-eabi/lib/thumb/v7e-m+fp/hard/libc_nano.a(lib_a-malloc.o) (_free_r)
/Applications/STM32CubeIDE.app/Contents/Eclipse/plugins/com.st.stm32cube.ide.mcu.externaltools.gnu-tools-for-stm32.10.3-2021.10.macos64_1.0.100.202210260954/tools/bin/../lib/gcc/arm-none-eabi/10.3.1/../../../../arm-none-eabi/lib/thumb/v7e-m+fp/hard/libc_nano.a(lib_a-nano-mallocr.o)
                              /Applications/STM32CubeIDE.app/Contents/Eclipse/plugins/com.st.stm32cube.ide.mcu.externaltools.gnu-tools-for-stm32.10.3-2021.10.macos64_1.0.100.202210260954/tools/bin/../lib/gcc/arm-none-eabi/10.3.1/../../../../arm-none-eabi/lib/thumb/v7e-m+fp/hard/libc_nano.a(lib_a-malloc.o) (_malloc_r)
/Applications/STM32CubeIDE.app/Contents/Eclipse/plugins/com.st.stm32cube.ide.mcu.externaltools.gnu-tools-for-stm32.10.3-2021.10.macos64_1.0.100.202210260954/tools/bin/../lib/gcc/arm-none-eabi/10.3.1/../../../../arm-none-eabi/lib/thumb/v7e-m+fp/hard/libc_nano.a(lib_a-sbrkr.o)
                              /Applications/STM32CubeIDE.app/Contents/Eclipse/plugins/com.st.stm32cube.ide.mcu.externaltools.gnu-tools-for-stm32.10.3-2021.10.macos64_1.0.100.202210260954/tools/bin/../lib/gcc/arm-none-eabi/10.3.1/../../../../arm-none-eabi/lib/thumb/v7e-m+fp/hard/libc_nano.a(lib_a-nano-mallocr.o) (_sbrk_r)
[...]
Memory Configuration

Name             Origin             Length             Attributes
CCMRAM           0x0000000010000000 0x0000000000010000 xrw
RAM              0x0000000020000000 0x0000000000020000 xrw
FLASH            0x0000000008000000 0x0000000000100000 xr
*default*        0x0000000000000000 0xffffffffffffffff

Linker script and memory map

LOAD /Applications/STM32CubeIDE.app/Contents/Eclipse/plugins/com.st.stm32cube.ide.mcu.externaltools.gnu-tools-for-stm32.10.3-2021.10.macos64_1.0.100.202210260954/tools/bin/../lib/gcc/arm-none-eabi/10.3.1/thumb/v7e-m+fp/hard/crti.o
LOAD /Applications/STM32CubeIDE.app/Contents/Eclipse/plugins/com.st.stm32cube.ide.mcu.externaltools.gnu-tools-for-stm32.10.3-2021.10.macos64_1.0.100.202210260954/tools/bin/../lib/gcc/arm-none-eabi/10.3.1/thumb/v7e-m+fp/hard/crtbegin.o
LOAD /Applications/STM32CubeIDE.app/Contents/Eclipse/plugins/com.st.stm32cube.ide.mcu.externaltools.gnu-tools-for-stm32.10.3-2021.10.macos64_1.0.100.202210260954/tools/bin/../lib/gcc/arm-none-eabi/10.3.1/../../../../arm-none-eabi/lib/thumb/v7e-m+fp/hard/crt0.o
LOAD ./Core/Src/main.o
LOAD ./Core/Src/stm32f4xx_hal_msp.o
LOAD ./Core/Src/stm32f4xx_it.o
LOAD ./Core/Src/syscalls.o
LOAD ./Core/Src/sysmem.o
LOAD ./Core/Src/system_stm32f4xx.o
LOAD ./Core/Startup/startup_stm32f407vgtx.o
LOAD ./Drivers/STM32F4xx_HAL_Driver/Src/stm32f4xx_hal.o
LOAD ./Drivers/STM32F4xx_HAL_Driver/Src/stm32f4xx_hal_adc.o
LOAD ./Drivers/STM32F4xx_HAL_Driver/Src/stm32f4xx_hal_adc_ex.o
LOAD ./Drivers/STM32F4xx_HAL_Driver/Src/stm32f4xx_hal_cortex.o
LOAD ./Drivers/STM32F4xx_HAL_Driver/Src/stm32f4xx_hal_dma.o
LOAD ./Drivers/STM32F4xx_HAL_Driver/Src/stm32f4xx_hal_dma_ex.o
LOAD ./Drivers/STM32F4xx_HAL_Driver/Src/stm32f4xx_hal_exti.o
LOAD ./Drivers/STM32F4xx_HAL_Driver/Src/stm32f4xx_hal_flash.o
LOAD ./Drivers/STM32F4xx_HAL_Driver/Src/stm32f4xx_hal_flash_ex.o
LOAD ./Drivers/STM32F4xx_HAL_Driver/Src/stm32f4xx_hal_flash_ramfunc.o
LOAD ./Drivers/STM32F4xx_HAL_Driver/Src/stm32f4xx_hal_gpio.o
LOAD ./Drivers/STM32F4xx_HAL_Driver/Src/stm32f4xx_hal_hcd.o
LOAD ./Drivers/STM32F4xx_HAL_Driver/Src/stm32f4xx_hal_i2c.o
LOAD ./Drivers/STM32F4xx_HAL_Driver/Src/stm32f4xx_hal_i2c_ex.o
LOAD ./Drivers/STM32F4xx_HAL_Driver/Src/stm32f4xx_hal_i2s.o
LOAD ./Drivers/STM32F4xx_HAL_Driver/Src/stm32f4xx_hal_i2s_ex.o
LOAD ./Drivers/STM32F4xx_HAL_Driver/Src/stm32f4xx_hal_pwr.o
LOAD ./Drivers/STM32F4xx_HAL_Driver/Src/stm32f4xx_hal_pwr_ex.o
LOAD ./Drivers/STM32F4xx_HAL_Driver/Src/stm32f4xx_hal_rcc.o
LOAD ./Drivers/STM32F4xx_HAL_Driver/Src/stm32f4xx_hal_rcc_ex.o
LOAD ./Drivers/STM32F4xx_HAL_Driver/Src/stm32f4xx_hal_spi.o
LOAD ./Drivers/STM32F4xx_HAL_Driver/Src/stm32f4xx_hal_tim.o
LOAD ./Drivers/STM32F4xx_HAL_Driver/Src/stm32f4xx_hal_tim_ex.o
LOAD ./Drivers/STM32F4xx_HAL_Driver/Src/stm32f4xx_ll_adc.o
LOAD ./Drivers/STM32F4xx_HAL_Driver/Src/stm32f4xx_ll_usb.o
LOAD ./Middlewares/ST/STM32_USB_Host_Library/Class/CDC/Src/usbh_cdc.o
LOAD ./Middlewares/ST/STM32_USB_Host_Library/Core/Src/usbh_core.o
LOAD ./Middlewares/ST/STM32_USB_Host_Library/Core/Src/usbh_ctlreq.o
LOAD ./Middlewares/ST/STM32_USB_Host_Library/Core/Src/usbh_ioreq.o
LOAD ./Middlewares/ST/STM32_USB_Host_Library/Core/Src/usbh_pipes.o
LOAD ./USB_HOST/App/usb_host.o
LOAD ./USB_HOST/Target/usbh_conf.o
LOAD ./USB_HOST/Target/usbh_platform.o
START GROUP
LOAD /Applications/STM32CubeIDE.app/Contents/Eclipse/plugins/com.st.stm32cube.ide.mcu.externaltools.gnu-tools-for-stm32.10.3-2021.10.macos64_1.0.100.202210260954/tools/bin/../lib/gcc/arm-none-eabi/10.3.1/../../../../arm-none-eabi/lib/thumb/v7e-m+fp/hard/libc_nano.a
LOAD /Applications/STM32CubeIDE.app/Contents/Eclipse/plugins/com.st.stm32cube.ide.mcu.externaltools.gnu-tools-for-stm32.10.3-2021.10.macos64_1.0.100.202210260954/tools/bin/../lib/gcc/arm-none-eabi/10.3.1/../../../../arm-none-eabi/lib/thumb/v7e-m+fp/hard/libm.a
END GROUP
START GROUP
LOAD /Applications/STM32CubeIDE.app/Contents/Eclipse/plugins/com.st.stm32cube.ide.mcu.externaltools.gnu-tools-for-stm32.10.3-2021.10.macos64_1.0.100.202210260954/tools/bin/../lib/gcc/arm-none-eabi/10.3.1/thumb/v7e-m+fp/hard/libgcc.a
LOAD /Applications/STM32CubeIDE.app/Contents/Eclipse/plugins/com.st.stm32cube.ide.mcu.externaltools.gnu-tools-for-stm32.10.3-2021.10.macos64_1.0.100.202210260954/tools/bin/../lib/gcc/arm-none-eabi/10.3.1/../../../../arm-none-eabi/lib/thumb/v7e-m+fp/hard/libc_nano.a
END GROUP
START GROUP
LOAD /Applications/STM32CubeIDE.app/Contents/Eclipse/plugins/com.st.stm32cube.ide.mcu.externaltools.gnu-tools-for-stm32.10.3-2021.10.macos64_1.0.100.202210260954/tools/bin/../lib/gcc/arm-none-eabi/10.3.1/thumb/v7e-m+fp/hard/libgcc.a
LOAD /Applications/STM32CubeIDE.app/Contents/Eclipse/plugins/com.st.stm32cube.ide.mcu.externaltools.gnu-tools-for-stm32.10.3-2021.10.macos64_1.0.100.202210260954/tools/bin/../lib/gcc/arm-none-eabi/10.3.1/../../../../arm-none-eabi/lib/thumb/v7e-m+fp/hard/libc_nano.a
LOAD /Applications/STM32CubeIDE.app/Contents/Eclipse/plugins/com.st.stm32cube.ide.mcu.externaltools.gnu-tools-for-stm32.10.3-2021.10.macos64_1.0.100.202210260954/tools/bin/../lib/gcc/arm-none-eabi/10.3.1/../../../../arm-none-eabi/lib/thumb/v7e-m+fp/hard/libnosys.a
END GROUP
START GROUP
LOAD /Applications/STM32CubeIDE.app/Contents/Eclipse/plugins/com.st.stm32cube.ide.mcu.externaltools.gnu-tools-for-stm32.10.3-2021.10.macos64_1.0.100.202210260954/tools/bin/../lib/gcc/arm-none-eabi/10.3.1/thumb/v7e-m+fp/hard/libgcc.a
LOAD /Applications/STM32CubeIDE.app/Contents/Eclipse/plugins/com.st.stm32cube.ide.mcu.externaltools.gnu-tools-for-stm32.10.3-2021.10.macos64_1.0.100.202210260954/tools/bin/../lib/gcc/arm-none-eabi/10.3.1/../../../../arm-none-eabi/lib/thumb/v7e-m+fp/hard/libc_nano.a
LOAD /Applications/STM32CubeIDE.app/Contents/Eclipse/plugins/com.st.stm32cube.ide.mcu.externaltools.gnu-tools-for-stm32.10.3-2021.10.macos64_1.0.100.202210260954/tools/bin/../lib/gcc/arm-none-eabi/10.3.1/../../../../arm-none-eabi/lib/thumb/v7e-m+fp/hard/libnosys.a
END GROUP
LOAD /Applications/STM32CubeIDE.app/Contents/Eclipse/plugins/com.st.stm32cube.ide.mcu.externaltools.gnu-tools-for-stm32.10.3-2021.10.macos64_1.0.100.202210260954/tools/bin/../lib/gcc/arm-none-eabi/10.3.1/thumb/v7e-m+fp/hard/crtend.o
LOAD /Applications/STM32CubeIDE.app/Contents/Eclipse/plugins/com.st.stm32cube.ide.mcu.externaltools.gnu-tools-for-stm32.10.3-2021.10.macos64_1.0.100.202210260954/tools/bin/../lib/gcc/arm-none-eabi/10.3.1/thumb/v7e-m+fp/hard/crtn.o
                0x0000000020020000                _estack = (ORIGIN (RAM) + LENGTH (RAM))
                0x0000000000000200                _Min_Heap_Size = 0x200
                0x0000000000000400                _Min_Stack_Size = 0x400

.isr_vector     0x0000000008000000      0x188
                0x0000000008000000                . = ALIGN (0x4)
 *(.isr_vector)
 .isr_vector    0x0000000008000000      0x188 ./Core/Startup/startup_stm32f407vgtx.o
                0x0000000008000000                g_pfnVectors
                0x0000000008000188                . = ALIGN (0x4)

.text           0x0000000008000188     0x2950
                0x0000000008000188                . = ALIGN (0x4)
 *(.text)
 .text          0x0000000008000188       0x40 /Applications/STM32CubeIDE.app/Contents/Eclipse/plugins/com.st.stm32cube.ide.mcu.externaltools.gnu-tools-for-stm32.10.3-2021.10.macos64_1.0.100.202210260954/tools/bin/../lib/gcc/arm-none-eabi/10.3.1/thumb/v7e-m+fp/hard/crtbegin.o
 *(.text*)
 .text.main     0x00000000080001c8       0x34 ./Core/Src/main.o
                0x00000000080001c8                main
 .text.HAL_ADC_ConvCpltCallback
                0x00000000080001fc       0x94 ./Core/Src/main.o
                0x00000000080001fc                HAL_ADC_ConvCpltCallback
 .text.computeOutput
                0x0000000008000290       0xcc ./Core/Src/main.o
                0x0000000008000290                computeOutput
 .text.SystemClock_Config
                0x000000000800035c        0xe ./Core/Src/main.o
                0x000000000800035c                SystemClock_Config
 .text.MX_ADC1_Init
                0x000000000800036a        0xe ./Core/Src/main.o
 .text.MX_TIM3_Init
                0x0000000008000378        0xe ./Core/Src/main.o
 .text.MX_GPIO_Init
                0x0000000008000386        0xe ./Core/Src/main.o
 .text.Error_Handler
                0x0000000008000394        0x6 ./Core/Src/main.o
                0x0000000008000394                Error_Handler
 *fill*         0x000000000800039a        0x2 
 .text.HAL_MspInit
                0x000000000800039c       0x50 ./Core/Src/stm32f4xx_hal_msp.o
                0x000000000800039c                HAL_MspInit
 .text.NMI_Handler
                0x00000000080003ec        0x6 ./Core/Src/stm32f4xx_it.o
                0x00000000080003ec                NMI_Handler
 .text.HardFault_Handler
                0x00000000080003f2        0x6 ./Core/Src/stm32f4xx_it.o
                0x00000000080003f2                HardFault_Handler
 .text.MemManage_Handler
                0x00000000080003f8        0x6 ./Core/Src/stm32f4xx_it.o
                0x00000000080003f8                MemManage_Handler
 .text.BusFault_Handler
                0x00000000080003fe        0x6 ./Core/Src/stm32f4xx_it.o
                0x00000000080003fe                BusFault_Handler
 .text.UsageFault_Handler
                0x0000000008000404        0x6 ./Core/Src/stm32f4xx_it.o
                0x0000000008000404                UsageFault_Handler
 .text.SVC_Handler
                0x000000000800040a        0xe ./Core/Src/stm32f4xx_it.o
                0x000000000800040a                SVC_Handler
 .text.DebugMon_Handler
                0x0000000008000418        0xe ./Core/Src/stm32f4xx_it.o
                0x0000000008000418                DebugMon_Handler
 .text.PendSV_Handler
                0x0000000008000426        0xe ./Core/Src/stm32f4xx_it.o
                0x0000000008000426                PendSV_Handler
 .text.SysTick_Handler
                0x0000000008000434        0xc ./Core/Src/stm32f4xx_it.o
                0x0000000008000434                SysTick_Handler
 .text.ADC_IRQHandler
                0x0000000008000440       0x14 ./Core/Src/stm32f4xx_it.o
                0x0000000008000440                ADC_IRQHandler
 .text.TIM3_IRQHandler
                0x0000000008000454       0x14 ./Core/Src/stm32f4xx_it.o
                0x0000000008000454                TIM3_IRQHandler
 .text.OTG_FS_IRQHandler
                0x0000000008000468       0x14 ./Core/Src/stm32f4xx_it.o
                0x0000000008000468                OTG_FS_IRQHandler
 .text.SystemInit
                0x000000000800047c       0x24 ./Core/Src/system_stm32f4xx.o
                0x000000000800047c                SystemInit
 .text.Reset_Handler
                0x00000000080004a0       0x50 ./Core/Startup/startup_stm32f407vgtx.o
                0x00000000080004a0                Reset_Handler
 .text.Default_Handler
                0x00000000080004f0        0x2 ./Core/Startup/startup_stm32f407vgtx.o
                0x00000000080004f0                DMA1_Stream3_IRQHandler
                0x00000000080004f0                HASH_RNG_IRQHandler
                0x00000000080004f0                EXTI2_IRQHandler
                0x00000000080004f0                TIM8_CC_IRQHandler
                0x00000000080004f0                TIM1_CC_IRQHandler
                0x00000000080004f0                DMA2_Stream5_IRQHandler
                0x00000000080004f0                DMA1_Stream5_IRQHandler
                0x00000000080004f0                PVD_IRQHandler
                0x00000000080004f0                SDIO_IRQHandler
                0x00000000080004f0                TAMP_STAMP_IRQHandler
                0x00000000080004f0                CAN2_RX1_IRQHandler
                0x00000000080004f0                EXTI3_IRQHandler
                0x00000000080004f0                TIM8_TRG_COM_TIM14_IRQHandler
                0x00000000080004f0                TIM1_UP_TIM10_IRQHandler
                0x00000000080004f0                TIM8_UP_TIM13_IRQHandler
                0x00000000080004f0                I2C3_ER_IRQHandler
                0x00000000080004f0                EXTI0_IRQHandler
                0x00000000080004f0                I2C2_EV_IRQHandler
                0x00000000080004f0                DMA1_Stream2_IRQHandler
                0x00000000080004f0                CAN1_RX0_IRQHandler
                0x00000000080004f0                FPU_IRQHandler
                0x00000000080004f0                OTG_HS_WKUP_IRQHandler
                0x00000000080004f0                CAN2_SCE_IRQHandler
                0x00000000080004f0                DMA2_Stream2_IRQHandler
                0x00000000080004f0                SPI1_IRQHandler
                0x00000000080004f0                TIM6_DAC_IRQHandler
                0x00000000080004f0                TIM1_BRK_TIM9_IRQHandler
                0x00000000080004f0                DCMI_IRQHandler
                0x00000000080004f0                CAN2_RX0_IRQHandler
                0x00000000080004f0                DMA2_Stream3_IRQHandler
                0x00000000080004f0                USART6_IRQHandler
                0x00000000080004f0                USART3_IRQHandler
                0x00000000080004f0                CAN1_RX1_IRQHandler
                0x00000000080004f0                UART5_IRQHandler
                0x00000000080004f0                DMA2_Stream0_IRQHandler
                0x00000000080004f0                TIM4_IRQHandler
                0x00000000080004f0                I2C1_EV_IRQHandler
                0x00000000080004f0                DMA1_Stream6_IRQHandler
                0x00000000080004f0                DMA1_Stream1_IRQHandler
                0x00000000080004f0                UART4_IRQHandler
                0x00000000080004f0                RCC_IRQHandler
                0x00000000080004f0                TIM8_BRK_TIM12_IRQHandler
                0x00000000080004f0                Default_Handler
                0x00000000080004f0                EXTI15_10_IRQHandler
                0x00000000080004f0                DMA1_Stream7_IRQHandler
                0x00000000080004f0                TIM7_IRQHandler
                0x00000000080004f0                CAN2_TX_IRQHandler
                0x00000000080004f0                TIM5_IRQHandler
                0x00000000080004f0                DMA2_Stream7_IRQHandler
                0x00000000080004f0                I2C3_EV_IRQHandler
                0x00000000080004f0                EXTI9_5_IRQHandler
                0x00000000080004f0                RTC_WKUP_IRQHandler
                0x00000000080004f0                ETH_WKUP_IRQHandler
                0x00000000080004f0                SPI2_IRQHandler
                0x00000000080004f0                OTG_HS_EP1_IN_IRQHandler
                0x00000000080004f0                DMA1_Stream0_IRQHandler
                0x00000000080004f0                CAN1_TX_IRQHandler
                0x00000000080004f0                EXTI4_IRQHandler
                0x00000000080004f0                FSMC_IRQHandler
                0x00000000080004f0                ETH_IRQHandler
                0x00000000080004f0                OTG_HS_EP1_OUT_IRQHandler
                0x00000000080004f0                WWDG_IRQHandler
                0x00000000080004f0                TIM2_IRQHandler
                0x00000000080004f0                OTG_FS_WKUP_IRQHandler
                0x00000000080004f0                TIM1_TRG_COM_TIM11_IRQHandler
                0x00000000080004f0                OTG_HS_IRQHandler
                0x00000000080004f0                EXTI1_IRQHandler
                0x00000000080004f0                USART2_IRQHandler
                0x00000000080004f0                I2C2_ER_IRQHandler
                0x00000000080004f0                DMA2_Stream1_IRQHandler
                0x00000000080004f0                CAN1_SCE_IRQHandler
                0x00000000080004f0                FLASH_IRQHandler
                0x00000000080004f0                DMA2_Stream4_IRQHandler
                0x00000000080004f0                USART1_IRQHandler
                0x00000000080004f0                SPI3_IRQHandler
                0x00000000080004f0                DMA1_Stream4_IRQHandler
                0x00000000080004f0                I2C1_ER_IRQHandler
                0x00000000080004f0                DMA2_Stream6_IRQHandler
                0x00000000080004f0                RTC_Alarm_IRQHandler
 *fill*         0x00000000080004f2        0x2 
 .text.HAL_Init
                0x00000000080004f4       0x44 ./Drivers/STM32F4xx_HAL_Driver/Src/stm32f4xx_hal.o
                0x00000000080004f4                HAL_Init
 .text.HAL_InitTick
                0x0000000008000538       0x60 ./Drivers/STM32F4xx_HAL_Driver/Src/stm32f4xx_hal.o
                0x0000000008000538                HAL_InitTick
 .text.HAL_IncTick
                0x0000000008000598       0x28 ./Drivers/STM32F4xx_HAL_Driver/Src/stm32f4xx_hal.o
                0x0000000008000598                HAL_IncTick
 .text.HAL_ADC_Start
                0x00000000080005c0      0x1a4 ./Drivers/STM32F4xx_HAL_Driver/Src/stm32f4xx_hal_adc.o
                0x00000000080005c0                HAL_ADC_Start
 .text.HAL_ADC_Start_IT
                0x0000000008000764      0x1bc ./Drivers/STM32F4xx_HAL_Driver/Src/stm32f4xx_hal_adc.o
                0x0000000008000764                HAL_ADC_Start_IT
 .text.HAL_ADC_IRQHandler
                0x0000000008000920      0x220 ./Drivers/STM32F4xx_HAL_Driver/Src/stm32f4xx_hal_adc.o
                0x0000000008000920                HAL_ADC_IRQHandler
 .text.HAL_ADC_GetValue
                0x0000000008000b40       0x1a ./Drivers/STM32F4xx_HAL_Driver/Src/stm32f4xx_hal_adc.o
                0x0000000008000b40                HAL_ADC_GetValue
 .text.HAL_ADC_LevelOutOfWindowCallback
                0x0000000008000b5a       0x14 ./Drivers/STM32F4xx_HAL_Driver/Src/stm32f4xx_hal_adc.o
                0x0000000008000b5a                HAL_ADC_LevelOutOfWindowCallback
 .text.HAL_ADC_ErrorCallback
                0x0000000008000b6e       0x14 ./Drivers/STM32F4xx_HAL_Driver/Src/stm32f4xx_hal_adc.o
                0x0000000008000b6e                HAL_ADC_ErrorCallback
 .text.HAL_ADCEx_InjectedConvCpltCallback
                0x0000000008000b82       0x14 ./Drivers/STM32F4xx_HAL_Driver/Src/stm32f4xx_hal_adc_ex.o
                0x0000000008000b82                HAL_ADCEx_InjectedConvCpltCallback
 *fill*         0x0000000008000b96        0x2 
 .text.__NVIC_SetPriorityGrouping
                0x0000000008000b98       0x48 ./Drivers/STM32F4xx_HAL_Driver/Src/stm32f4xx_hal_cortex.o
 .text.__NVIC_GetPriorityGrouping
                0x0000000008000be0       0x1c ./Drivers/STM32F4xx_HAL_Driver/Src/stm32f4xx_hal_cortex.o
 .text.__NVIC_SetPriority
                0x0000000008000bfc       0x54 ./Drivers/STM32F4xx_HAL_Driver/Src/stm32f4xx_hal_cortex.o
 .text.NVIC_EncodePriority
                0x0000000008000c50       0x66 ./Drivers/STM32F4xx_HAL_Driver/Src/stm32f4xx_hal_cortex.o
 *fill*         0x0000000008000cb6        0x2 
 .text.SysTick_Config
                0x0000000008000cb8       0x44 ./Drivers/STM32F4xx_HAL_Driver/Src/stm32f4xx_hal_cortex.o
 .text.HAL_NVIC_SetPriorityGrouping
                0x0000000008000cfc       0x16 ./Drivers/STM32F4xx_HAL_Driver/Src/stm32f4xx_hal_cortex.o
                0x0000000008000cfc                HAL_NVIC_SetPriorityGrouping
 .text.HAL_NVIC_SetPriority
                0x0000000008000d12       0x38 ./Drivers/STM32F4xx_HAL_Driver/Src/stm32f4xx_hal_cortex.o
                0x0000000008000d12                HAL_NVIC_SetPriority
 .text.HAL_SYSTICK_Config
                0x0000000008000d4a       0x18 ./Drivers/STM32F4xx_HAL_Driver/Src/stm32f4xx_hal_cortex.o
                0x0000000008000d4a                HAL_SYSTICK_Config
 .text.HAL_HCD_IRQHandler
                0x0000000008000d62      0x216 ./Drivers/STM32F4xx_HAL_Driver/Src/stm32f4xx_hal_hcd.o
                0x0000000008000d62                HAL_HCD_IRQHandler
 .text.HAL_HCD_Stop
                0x0000000008000f78       0x3a ./Drivers/STM32F4xx_HAL_Driver/Src/stm32f4xx_hal_hcd.o
                0x0000000008000f78                HAL_HCD_Stop
 .text.HCD_HC_IN_IRQHandler
                0x0000000008000fb2      0x6aa ./Drivers/STM32F4xx_HAL_Driver/Src/stm32f4xx_hal_hcd.o
 .text.HCD_HC_OUT_IRQHandler
                0x000000000800165c      0x6d2 ./Drivers/STM32F4xx_HAL_Driver/Src/stm32f4xx_hal_hcd.o
 .text.HCD_RXQLVL_IRQHandler
                0x0000000008001d2e      0x1a4 ./Drivers/STM32F4xx_HAL_Driver/Src/stm32f4xx_hal_hcd.o
 .text.HCD_Port_IRQHandler
                0x0000000008001ed2       0xe6 ./Drivers/STM32F4xx_HAL_Driver/Src/stm32f4xx_hal_hcd.o
 .text.HAL_TIM_IRQHandler
                0x0000000008001fb8      0x210 ./Drivers/STM32F4xx_HAL_Driver/Src/stm32f4xx_hal_tim.o
                0x0000000008001fb8                HAL_TIM_IRQHandler
 .text.HAL_TIM_PeriodElapsedCallback
                0x00000000080021c8       0x14 ./Drivers/STM32F4xx_HAL_Driver/Src/stm32f4xx_hal_tim.o
                0x00000000080021c8                HAL_TIM_PeriodElapsedCallback
 .text.HAL_TIM_OC_DelayElapsedCallback
                0x00000000080021dc       0x14 ./Drivers/STM32F4xx_HAL_Driver/Src/stm32f4xx_hal_tim.o
                0x00000000080021dc                HAL_TIM_OC_DelayElapsedCallback
 .text.HAL_TIM_IC_CaptureCallback
                0x00000000080021f0       0x14 ./Drivers/STM32F4xx_HAL_Driver/Src/stm32f4xx_hal_tim.o
                0x00000000080021f0                HAL_TIM_IC_CaptureCallback
 .text.HAL_TIM_PWM_PulseFinishedCallback
                0x0000000008002204       0x14 ./Drivers/STM32F4xx_HAL_Driver/Src/stm32f4xx_hal_tim.o
                0x0000000008002204                HAL_TIM_PWM_PulseFinishedCallback
 .text.HAL_TIM_TriggerCallback
                0x0000000008002218       0x14 ./Drivers/STM32F4xx_HAL_Driver/Src/stm32f4xx_hal_tim.o
                0x0000000008002218                HAL_TIM_TriggerCallback
 .text.HAL_TIMEx_CommutCallback
                0x000000000800222c       0x14 ./Drivers/STM32F4xx_HAL_Driver/Src/stm32f4xx_hal_tim_ex.o
                0x000000000800222c                HAL_TIMEx_CommutCallback
 .text.HAL_TIMEx_BreakCallback
                0x0000000008002240       0x14 ./Drivers/STM32F4xx_HAL_Driver/Src/stm32f4xx_hal_tim_ex.o
                0x0000000008002240                HAL_TIMEx_BreakCallback
 .text.USB_EnableGlobalInt
                0x0000000008002254       0x22 ./Drivers/STM32F4xx_HAL_Driver/Src/stm32f4xx_ll_usb.o
                0x0000000008002254                USB_EnableGlobalInt
 .text.USB_DisableGlobalInt
                0x0000000008002276       0x22 ./Drivers/STM32F4xx_HAL_Driver/Src/stm32f4xx_ll_usb.o
                0x0000000008002276                USB_DisableGlobalInt
 .text.USB_FlushTxFifo
                0x0000000008002298       0x68 ./Drivers/STM32F4xx_HAL_Driver/Src/stm32f4xx_ll_usb.o
                0x0000000008002298                USB_FlushTxFifo
 .text.USB_FlushRxFifo
                0x0000000008002300       0x60 ./Drivers/STM32F4xx_HAL_Driver/Src/stm32f4xx_ll_usb.o
                0x0000000008002300                USB_FlushRxFifo
 .text.USB_ReadPacket
                0x0000000008002360       0xb0 ./Drivers/STM32F4xx_HAL_Driver/Src/stm32f4xx_ll_usb.o
                0x0000000008002360                USB_ReadPacket
 .text.USB_ReadInterrupts
                0x0000000008002410       0x26 ./Drivers/STM32F4xx_HAL_Driver/Src/stm32f4xx_ll_usb.o
                0x0000000008002410                USB_ReadInterrupts
 .text.USB_GetMode
                0x0000000008002436       0x1c ./Drivers/STM32F4xx_HAL_Driver/Src/stm32f4xx_ll_usb.o
                0x0000000008002436                USB_GetMode
 .text.USB_InitFSLSPClkSel
                0x0000000008002452       0x74 ./Drivers/STM32F4xx_HAL_Driver/Src/stm32f4xx_ll_usb.o
                0x0000000008002452                USB_InitFSLSPClkSel
 .text.USB_HC_ReadInterrupt
                0x00000000080024c6       0x22 ./Drivers/STM32F4xx_HAL_Driver/Src/stm32f4xx_ll_usb.o
                0x00000000080024c6                USB_HC_ReadInterrupt
 .text.USB_HC_Halt
                0x00000000080024e8      0x1f8 ./Drivers/STM32F4xx_HAL_Driver/Src/stm32f4xx_ll_usb.o
                0x00000000080024e8                USB_HC_Halt
 .text.USB_StopHost
                0x00000000080026e0      0x124 ./Drivers/STM32F4xx_HAL_Driver/Src/stm32f4xx_ll_usb.o
                0x00000000080026e0                USB_StopHost
 .text.USBH_LL_IncTimer
                0x0000000008002804       0x24 ./Middlewares/ST/STM32_USB_Host_Library/Core/Src/usbh_core.o
                0x0000000008002804                USBH_LL_IncTimer
 .text.USBH_HandleSof
                0x0000000008002828       0x30 ./Middlewares/ST/STM32_USB_Host_Library/Core/Src/usbh_core.o
 .text.USBH_LL_PortEnabled
                0x0000000008002858       0x1c ./Middlewares/ST/STM32_USB_Host_Library/Core/Src/usbh_core.o
                0x0000000008002858                USBH_LL_PortEnabled
 .text.USBH_LL_PortDisabled
                0x0000000008002874       0x1c ./Middlewares/ST/STM32_USB_Host_Library/Core/Src/usbh_core.o
                0x0000000008002874                USBH_LL_PortDisabled
 .text.USBH_LL_Connect
                0x0000000008002890       0x2e ./Middlewares/ST/STM32_USB_Host_Library/Core/Src/usbh_core.o
                0x0000000008002890                USBH_LL_Connect
 .text.USBH_LL_Disconnect
                0x00000000080028be       0x48 ./Middlewares/ST/STM32_USB_Host_Library/Core/Src/usbh_core.o
                0x00000000080028be                USBH_LL_Disconnect
 .text.USBH_FreePipe
                0x0000000008002906       0x3c ./Middlewares/ST/STM32_USB_Host_Library/Core/Src/usbh_pipes.o
                0x0000000008002906                USBH_FreePipe
 .text.HAL_HCD_SOF_Callback
                0x0000000008002942       0x1c ./USB_HOST/Target/usbh_conf.o
                0x0000000008002942                HAL_HCD_SOF_Callback
 .text.HAL_HCD_Connect_Callback
                0x000000000800295e       0x1c ./USB_HOST/Target/usbh_conf.o
                0x000000000800295e                HAL_HCD_Connect_Callback
 .text.HAL_HCD_Disconnect_Callback
                0x000000000800297a       0x1c ./USB_HOST/Target/usbh_conf.o
                0x000000000800297a                HAL_HCD_Disconnect_Callback
 .text.HAL_HCD_HC_NotifyURBChange_Callback
                0x0000000008002996       0x1c ./USB_HOST/Target/usbh_conf.o
                0x0000000008002996                HAL_HCD_HC_NotifyURBChange_Callback
 .text.HAL_HCD_PortEnabled_Callback
                0x00000000080029b2       0x1c ./USB_HOST/Target/usbh_conf.o
                0x00000000080029b2                HAL_HCD_PortEnabled_Callback
 .text.HAL_HCD_PortDisabled_Callback
                0x00000000080029ce       0x1c ./USB_HOST/Target/usbh_conf.o
                0x00000000080029ce                HAL_HCD_PortDisabled_Callback
 .text.USBH_LL_Stop
                0x00000000080029ea       0x36 ./USB_HOST/Target/usbh_conf.o
                0x00000000080029ea                USBH_LL_Stop
 .text.USBH_Get_USB_Status
                0x0000000008002a20       0x58 ./USB_HOST/Target/usbh_conf.o
                0x0000000008002a20                USBH_Get_USB_Status
 .text.__libc_init_array
                0x0000000008002a78       0x48 /Applications/STM32CubeIDE.app/Contents/Eclipse/plugins/com.st.stm32cube.ide.mcu.externaltools.gnu-tools-for-stm32.10.3-2021.10.macos64_1.0.100.202210260954/tools/bin/../lib/gcc/arm-none-eabi/10.3.1/../../../../arm-none-eabi/lib/thumb/v7e-m+fp/hard/libc_nano.a(lib_a-init.o)
                0x0000000008002a78                __libc_init_array
 *(.glue_7)
 .glue_7        0x0000000008002ac0        0x0 linker stubs
 *(.glue_7t)
 .glue_7t       0x0000000008002ac0        0x0 linker stubs
 *(.eh_frame)
 .eh_frame      0x0000000008002ac0        0x0 /Applications/STM32CubeIDE.app/Contents/Eclipse/plugins/com.st.stm32cube.ide.mcu.externaltools.gnu-tools-for-stm32.10.3-2021.10.macos64_1.0.100.202210260954/tools/bin/../lib/gcc/arm-none-eabi/10.3.1/thumb/v7e-m+fp/hard/crtbegin.o
 *(.init)
 .init          0x0000000008002ac0        0x4 /Applications/STM32CubeIDE.app/Contents/Eclipse/plugins/com.st.stm32cube.ide.mcu.externaltools.gnu-tools-for-stm32.10.3-2021.10.macos64_1.0.100.202210260954/tools/bin/../lib/gcc/arm-none-eabi/10.3.1/thumb/v7e-m+fp/hard/crti.o
                0x0000000008002ac0                _init
 .init          0x0000000008002ac4        0x8 /Applications/STM32CubeIDE.app/Contents/Eclipse/plugins/com.st.stm32cube.ide.mcu.externaltools.gnu-tools-for-stm32.10.3-2021.10.macos64_1.0.100.202210260954/tools/bin/../lib/gcc/arm-none-eabi/10.3.1/thumb/v7e-m+fp/hard/crtn.o
 *(.fini)
 .fini          0x0000000008002acc        0x4 /Applications/STM32CubeIDE.app/Contents/Eclipse/plugins/com.st.stm32cube.ide.mcu.externaltools.gnu-tools-for-stm32.10.3-2021.10.macos64_1.0.100.202210260954/tools/bin/../lib/gcc/arm-none-eabi/10.3.1/thumb/v7e-m+fp/hard/crti.o
                0x0000000008002acc                _fini
 .fini          0x0000000008002ad0        0x8 /Applications/STM32CubeIDE.app/Contents/Eclipse/plugins/com.st.stm32cube.ide.mcu.externaltools.gnu-tools-for-stm32.10.3-2021.10.macos64_1.0.100.202210260954/tools/bin/../lib/gcc/arm-none-eabi/10.3.1/thumb/v7e-m+fp/hard/crtn.o
                0x0000000008002ad8                . = ALIGN (0x4)
                0x0000000008002ad8                _etext = .

.vfp11_veneer   0x0000000008002ad8        0x0
 .vfp11_veneer  0x0000000008002ad8        0x0 linker stubs

.v4_bx          0x0000000008002ad8        0x0
 .v4_bx         0x0000000008002ad8        0x0 linker stubs

.iplt           0x0000000008002ad8        0x0
 .iplt          0x0000000008002ad8        0x0 /Applications/STM32CubeIDE.app/Contents/Eclipse/plugins/com.st.stm32cube.ide.mcu.externaltools.gnu-tools-for-stm32.10.3-2021.10.macos64_1.0.100.202210260954/tools/bin/../lib/gcc/arm-none-eabi/10.3.1/thumb/v7e-m+fp/hard/crtbegin.o

.rel.dyn        0x0000000008002ad8        0x0
 .rel.iplt      0x0000000008002ad8        0x0 /Applications/STM32CubeIDE.app/Contents/Eclipse/plugins/com.st.stm32cube.ide.mcu.externaltools.gnu-tools-for-stm32.10.3-2021.10.macos64_1.0.100.202210260954/tools/bin/../lib/gcc/arm-none-eabi/10.3.1/thumb/v7e-m+fp/hard/crtbegin.o

.rodata         0x0000000008002ad8        0x0
                0x0000000008002ad8                . = ALIGN (0x4)
 *(.rodata)
 *(.rodata*)
                0x0000000008002ad8                . = ALIGN (0x4)

.ARM.extab      0x0000000008002ad8        0x0
                0x0000000008002ad8                . = ALIGN (0x4)
 *(.ARM.extab* .gnu.linkonce.armextab.*)
                0x0000000008002ad8                . = ALIGN (0x4)

.ARM            0x0000000008002ad8        0x0
                0x0000000008002ad8                . = ALIGN (0x4)
                0x0000000008002ad8                __exidx_start = .
 *(.ARM.exidx*)
                0x0000000008002ad8                __exidx_end = .
                0x0000000008002ad8                . = ALIGN (0x4)

.preinit_array  0x0000000008002ad8        0x0
                0x0000000008002ad8                . = ALIGN (0x4)
                0x0000000008002ad8                PROVIDE (__preinit_array_start = .)
 *(.preinit_array*)
                0x0000000008002ad8                PROVIDE (__preinit_array_end = .)
                0x0000000008002ad8                . = ALIGN (0x4)

.init_array     0x0000000008002ad8        0x4
                0x0000000008002ad8                . = ALIGN (0x4)
                0x0000000008002ad8                PROVIDE (__init_array_start = .)
 *(SORT_BY_NAME(.init_array.*))
 *(.init_array*)
 .init_array    0x0000000008002ad8        0x4 /Applications/STM32CubeIDE.app/Contents/Eclipse/plugins/com.st.stm32cube.ide.mcu.externaltools.gnu-tools-for-stm32.10.3-2021.10.macos64_1.0.100.202210260954/tools/bin/../lib/gcc/arm-none-eabi/10.3.1/thumb/v7e-m+fp/hard/crtbegin.o
                0x0000000008002adc                PROVIDE (__init_array_end = .)
                0x0000000008002adc                . = ALIGN (0x4)

.fini_array     0x0000000008002adc        0x4
                0x0000000008002adc                . = ALIGN (0x4)
                [!provide]                        PROVIDE (__fini_array_start = .)
 *(SORT_BY_NAME(.fini_array.*))
 *(.fini_array*)
 .fini_array    0x0000000008002adc        0x4 /Applications/STM32CubeIDE.app/Contents/Eclipse/plugins/com.st.stm32cube.ide.mcu.externaltools.gnu-tools-for-stm32.10.3-2021.10.macos64_1.0.100.202210260954/tools/bin/../lib/gcc/arm-none-eabi/10.3.1/thumb/v7e-m+fp/hard/crtbegin.o
                [!provide]                        PROVIDE (__fini_array_end = .)
                0x0000000008002ae0                . = ALIGN (0x4)
                0x0000000008002ae0                _sidata = LOADADDR (.data)

.data           0x0000000020000000       0x30 load address 0x0000000008002ae0
                0x0000000020000000                . = ALIGN (0x4)
                0x0000000020000000                _sdata = .
 *(.data)
 *(.data*)
 .data.weights_hidden
                0x0000000020000000       0x10 ./Core/Src/main.o
                0x0000000020000000                weights_hidden
 .data.bias_hidden
                0x0000000020000010        0x8 ./Core/Src/main.o
                0x0000000020000010                bias_hidden
 .data.weights_output
                0x0000000020000018        0x8 ./Core/Src/main.o
                0x0000000020000018                weights_output
 .data.bias_output
                0x0000000020000020        0x4 ./Core/Src/main.o
                0x0000000020000020                bias_output
 .data.SystemCoreClock
                0x0000000020000024        0x4 ./Core/Src/system_stm32f4xx.o
                0x0000000020000024                SystemCoreClock
 .data.uwTickPrio
                0x0000000020000028        0x4 ./Drivers/STM32F4xx_HAL_Driver/Src/stm32f4xx_hal.o
                0x0000000020000028                uwTickPrio
 .data.uwTickFreq
                0x000000002000002c        0x1 ./Drivers/STM32F4xx_HAL_Driver/Src/stm32f4xx_hal.o
                0x000000002000002c                uwTickFreq
 *(.RamFunc)
 *(.RamFunc*)
                0x0000000020000030                . = ALIGN (0x4)
 *fill*         0x000000002000002d        0x3 
                0x0000000020000030                _edata = .
                0x0000000008002b10                _siccmram = LOADADDR (.ccmram)

.igot.plt       0x0000000020000030        0x0 load address 0x0000000008002b10
 .igot.plt      0x0000000020000030        0x0 /Applications/STM32CubeIDE.app/Contents/Eclipse/plugins/com.st.stm32cube.ide.mcu.externaltools.gnu-tools-for-stm32.10.3-2021.10.macos64_1.0.100.202210260954/tools/bin/../lib/gcc/arm-none-eabi/10.3.1/thumb/v7e-m+fp/hard/crtbegin.o

.ccmram         0x0000000010000000        0x0 load address 0x0000000008002b10
                0x0000000010000000                . = ALIGN (0x4)
                0x0000000010000000                _sccmram = .
 *(.ccmram)
 *(.ccmram*)
                0x0000000010000000                . = ALIGN (0x4)
                0x0000000010000000                _eccmram = .
                0x0000000010000000                . = ALIGN (0x4)

.bss            0x0000000020000030      0x3c0
                0x0000000020000030                _sbss = .
                0x0000000020000030                __bss_start__ = _sbss
 *(.bss)
 .bss           0x0000000020000030       0x1c /Applications/STM32CubeIDE.app/Contents/Eclipse/plugins/com.st.stm32cube.ide.mcu.externaltools.gnu-tools-for-stm32.10.3-2021.10.macos64_1.0.100.202210260954/tools/bin/../lib/gcc/arm-none-eabi/10.3.1/thumb/v7e-m+fp/hard/crtbegin.o
 *(.bss*)
 .bss.hadc1     0x000000002000004c       0x48 ./Core/Src/main.o
                0x000000002000004c                hadc1
 .bss.htim3     0x0000000020000094       0x48 ./Core/Src/main.o
                0x0000000020000094                htim3
 .bss.inputs    0x00000000200000dc        0x8 ./Core/Src/main.o
                0x00000000200000dc                inputs
 .bss.perceptronOutput
                0x00000000200000e4        0x4 ./Core/Src/main.o
                0x00000000200000e4                perceptronOutput
 .bss.uwTick    0x00000000200000e8        0x4 ./Drivers/STM32F4xx_HAL_Driver/Src/stm32f4xx_hal.o
                0x00000000200000e8                uwTick
 .bss.hhcd_USB_OTG_FS
                0x00000000200000ec      0x304 ./USB_HOST/Target/usbh_conf.o
                0x00000000200000ec                hhcd_USB_OTG_FS
 *(COMMON)
                0x00000000200003f0                . = ALIGN (0x4)
                0x00000000200003f0                _ebss = .
                0x00000000200003f0                __bss_end__ = _ebss

._user_heap_stack
                0x00000000200003f0      0x600
                0x00000000200003f0                . = ALIGN (0x8)
                [!provide]                        PROVIDE (end = .)
                0x00000000200003f0                PROVIDE (_end = .)
                0x00000000200005f0                . = (. + _Min_Heap_Size)
 *fill*         0x00000000200003f0      0x200 
                0x00000000200009f0                . = (. + _Min_Stack_Size)
 *fill*         0x00000000200005f0      0x400 
                0x00000000200009f0                . = ALIGN (0x8)

/DISCARD/
 libc.a(*)
 libm.a(*)
 libgcc.a(*)

.ARM.attributes
                0x0000000000000000       0x30
 *(.ARM.attributes)
 .ARM.attributes
                0x0000000000000000       0x1e /Applications/STM32CubeIDE.app/Contents/Eclipse/plugins/com.st.stm32cube.ide.mcu.externaltools.gnu-tools-for-stm32.10.3-2021.10.macos64_1.0.100.202210260954/tools/bin/../lib/gcc/arm-none-eabi/10.3.1/thumb/v7e-m+fp/hard/crti.o
 .ARM.attributes
                0x000000000000001e       0x34 /Applications/STM32CubeIDE.app/Contents/Eclipse/plugins/com.st.stm32cube.ide.mcu.externaltools.gnu-tools-for-stm32.10.3-2021.10.macos64_1.0.100.202210260954/tools/bin/../lib/gcc/arm-none-eabi/10.3.1/thumb/v7e-m+fp/hard/crtbegin.o
 .ARM.attributes
                0x0000000000000052       0x34 ./Core/Src/main.o
 .ARM.attributes
                0x0000000000000086       0x34 ./Core/Src/stm32f4xx_hal_msp.o
 .ARM.attributes
                0x00000000000000ba       0x34 ./Core/Src/stm32f4xx_it.o
 .ARM.attributes
                0x00000000000000ee       0x34 ./Core/Src/system_stm32f4xx.o
 .ARM.attributes
                0x0000000000000122       0x21 ./Core/Startup/startup_stm32f407vgtx.o
 .ARM.attributes
                0x0000000000000143       0x34 ./Drivers/STM32F4xx_HAL_Driver/Src/stm32f4xx_hal.o
 .ARM.attributes
                0x0000000000000177       0x34 ./Drivers/STM32F4xx_HAL_Driver/Src/stm32f4xx_hal_adc.o
 .ARM.attributes
                0x00000000000001ab       0x34 ./Drivers/STM32F4xx_HAL_Driver/Src/stm32f4xx_hal_adc_ex.o
 .ARM.attributes
                0x00000000000001df       0x34 ./Drivers/STM32F4xx_HAL_Driver/Src/stm32f4xx_hal_cortex.o
 .ARM.attributes
                0x0000000000000213       0x34 ./Drivers/STM32F4xx_HAL_Driver/Src/stm32f4xx_hal_hcd.o
 .ARM.attributes
                0x0000000000000247       0x34 ./Drivers/STM32F4xx_HAL_Driver/Src/stm32f4xx_hal_tim.o
 .ARM.attributes
                0x000000000000027b       0x34 ./Drivers/STM32F4xx_HAL_Driver/Src/stm32f4xx_hal_tim_ex.o
 .ARM.attributes
                0x00000000000002af       0x34 ./Drivers/STM32F4xx_HAL_Driver/Src/stm32f4xx_ll_usb.o
 .ARM.attributes
                0x00000000000002e3       0x34 ./Middlewares/ST/STM32_USB_Host_Library/Core/Src/usbh_core.o
 .ARM.attributes
                0x0000000000000317       0x34 ./Middlewares/ST/STM32_USB_Host_Library/Core/Src/usbh_pipes.o
 .ARM.attributes
                0x000000000000034b       0x34 ./USB_HOST/Target/usbh_conf.o
 .ARM.attributes
                0x000000000000037f       0x34 /Applications/STM32CubeIDE.app/Contents/Eclipse/plugins/com.st.stm32cube.ide.mcu.externaltools.gnu-tools-for-stm32.10.3-2021.10.macos64_1.0.100.202210260954/tools/bin/../lib/gcc/arm-none-eabi/10.3.1/../../../../arm-none-eabi/lib/thumb/v7e-m+fp/hard/libc_nano.a(lib_a-init.o)
 .ARM.attributes
                0x00000000000003b3       0x1e /Applications/STM32CubeIDE.app/Contents/Eclipse/plugins/com.st.stm32cube.ide.mcu.externaltools.gnu-tools-for-stm32.10.3-2021.10.macos64_1.0.100.202210260954/tools/bin/../lib/gcc/arm-none-eabi/10.3.1/thumb/v7e-m+fp/hard/crtn.o
OUTPUT(perceptron_final.elf elf32-littlearm)
LOAD linker stubs
LOAD /Applications/STM32CubeIDE.app/Contents/Eclipse/plugins/com.st.stm32cube.ide.mcu.externaltools.gnu-tools-for-stm32.10.3-2021.10.macos64_1.0.100.202210260954/tools/bin/../lib/gcc/arm-none-eabi/10.3.1/../../../../arm-none-eabi/lib/thumb/v7e-m+fp/hard/libc.a
LOAD /Applications/STM32CubeIDE.app/Contents/Eclipse/plugins/com.st.stm32cube.ide.mcu.externaltools.gnu-tools-for-stm32.10.3-2021.10.macos64_1.0.100.202210260954/tools/bin/../lib/gcc/arm-none-eabi/10.3.1/../../../../arm-none-eabi/lib/thumb/v7e-m+fp/hard/libm.a
LOAD /Applications/STM32CubeIDE.app/Contents/Eclipse/plugins/com.st.stm32cube.ide.mcu.externaltools.gnu-tools-for-stm32.10.3-2021.10.macos64_1.0.100.202210260954/tools/bin/../lib/gcc/arm-none-eabi/10.3.1/thumb/v7e-m+fp/hard/libgcc.a

.debug_info     0x0000000000000000    0x10fdf
 .debug_info    0x0000000000000000      0xb3a ./Core/Src/main.o
 .debug_info    0x0000000000000b3a     0x19d9 ./Core/Src/stm32f4xx_hal_msp.o
 .debug_info    0x0000000000002513      0xee3 ./Core/Src/stm32f4xx_it.o
 .debug_info    0x00000000000033f6      0x523 ./Core/Src/system_stm32f4xx.o
 .debug_info    0x0000000000003919       0x22 ./Core/Startup/startup_stm32f407vgtx.o
 .debug_info    0x000000000000393b      0x97c ./Drivers/STM32F4xx_HAL_Driver/Src/stm32f4xx_hal.o
 .debug_info    0x00000000000042b7      0xd70 ./Drivers/STM32F4xx_HAL_Driver/Src/stm32f4xx_hal_adc.o
 .debug_info    0x0000000000005027      0xbdc ./Drivers/STM32F4xx_HAL_Driver/Src/stm32f4xx_hal_adc_ex.o
 .debug_info    0x0000000000005c03      0xe1b ./Drivers/STM32F4xx_HAL_Driver/Src/stm32f4xx_hal_cortex.o
 .debug_info    0x0000000000006a1e     0x10c6 ./Drivers/STM32F4xx_HAL_Driver/Src/stm32f4xx_hal_hcd.o
 .debug_info    0x0000000000007ae4     0x2bbe ./Drivers/STM32F4xx_HAL_Driver/Src/stm32f4xx_hal_tim.o
 .debug_info    0x000000000000a6a2     0x15e0 ./Drivers/STM32F4xx_HAL_Driver/Src/stm32f4xx_hal_tim_ex.o
 .debug_info    0x000000000000bc82     0x1a97 ./Drivers/STM32F4xx_HAL_Driver/Src/stm32f4xx_ll_usb.o
 .debug_info    0x000000000000d719     0x1065 ./Middlewares/ST/STM32_USB_Host_Library/Core/Src/usbh_core.o
 .debug_info    0x000000000000e77e      0xb34 ./Middlewares/ST/STM32_USB_Host_Library/Core/Src/usbh_pipes.o
 .debug_info    0x000000000000f2b2     0x1d2d ./USB_HOST/Target/usbh_conf.o

.debug_abbrev   0x0000000000000000     0x2437
 .debug_abbrev  0x0000000000000000      0x229 ./Core/Src/main.o
 .debug_abbrev  0x0000000000000229      0x22d ./Core/Src/stm32f4xx_hal_msp.o
 .debug_abbrev  0x0000000000000456      0x1ea ./Core/Src/stm32f4xx_it.o
 .debug_abbrev  0x0000000000000640      0x116 ./Core/Src/system_stm32f4xx.o
 .debug_abbrev  0x0000000000000756       0x12 ./Core/Startup/startup_stm32f407vgtx.o
 .debug_abbrev  0x0000000000000768      0x20d ./Drivers/STM32F4xx_HAL_Driver/Src/stm32f4xx_hal.o
 .debug_abbrev  0x0000000000000975      0x244 ./Drivers/STM32F4xx_HAL_Driver/Src/stm32f4xx_hal_adc.o
 .debug_abbrev  0x0000000000000bb9      0x25f ./Drivers/STM32F4xx_HAL_Driver/Src/stm32f4xx_hal_adc_ex.o
 .debug_abbrev  0x0000000000000e18      0x316 ./Drivers/STM32F4xx_HAL_Driver/Src/stm32f4xx_hal_cortex.o
 .debug_abbrev  0x000000000000112e      0x27e ./Drivers/STM32F4xx_HAL_Driver/Src/stm32f4xx_hal_hcd.o
 .debug_abbrev  0x00000000000013ac      0x25d ./Drivers/STM32F4xx_HAL_Driver/Src/stm32f4xx_hal_tim.o
 .debug_abbrev  0x0000000000001609      0x265 ./Drivers/STM32F4xx_HAL_Driver/Src/stm32f4xx_hal_tim_ex.o
 .debug_abbrev  0x000000000000186e      0x296 ./Drivers/STM32F4xx_HAL_Driver/Src/stm32f4xx_ll_usb.o
 .debug_abbrev  0x0000000000001b04      0x317 ./Middlewares/ST/STM32_USB_Host_Library/Core/Src/usbh_core.o
 .debug_abbrev  0x0000000000001e1b      0x270 ./Middlewares/ST/STM32_USB_Host_Library/Core/Src/usbh_pipes.o
 .debug_abbrev  0x000000000000208b      0x3ac ./USB_HOST/Target/usbh_conf.o

.debug_aranges  0x0000000000000000      0xec0
 .debug_aranges
                0x0000000000000000       0x58 ./Core/Src/main.o
 .debug_aranges
                0x0000000000000058       0x78 ./Core/Src/stm32f4xx_hal_msp.o
 .debug_aranges
                0x00000000000000d0       0x78 ./Core/Src/stm32f4xx_it.o
 .debug_aranges
                0x0000000000000148       0x28 ./Core/Src/system_stm32f4xx.o
 .debug_aranges
                0x0000000000000170       0x28 ./Core/Startup/startup_stm32f407vgtx.o
 .debug_aranges
                0x0000000000000198       0xf0 ./Drivers/STM32F4xx_HAL_Driver/Src/stm32f4xx_hal.o
 .debug_aranges
                0x0000000000000288       0xe8 ./Drivers/STM32F4xx_HAL_Driver/Src/stm32f4xx_hal_adc.o
 .debug_aranges
                0x0000000000000370       0x90 ./Drivers/STM32F4xx_HAL_Driver/Src/stm32f4xx_hal_adc_ex.o
 .debug_aranges
                0x0000000000000400      0x118 ./Drivers/STM32F4xx_HAL_Driver/Src/stm32f4xx_hal_cortex.o
 .debug_aranges
                0x0000000000000518       0xf8 ./Drivers/STM32F4xx_HAL_Driver/Src/stm32f4xx_hal_hcd.o
 .debug_aranges
                0x0000000000000610      0x3d0 ./Drivers/STM32F4xx_HAL_Driver/Src/stm32f4xx_hal_tim.o
 .debug_aranges
                0x00000000000009e0      0x168 ./Drivers/STM32F4xx_HAL_Driver/Src/stm32f4xx_hal_tim_ex.o
 .debug_aranges
                0x0000000000000b48      0x1a0 ./Drivers/STM32F4xx_HAL_Driver/Src/stm32f4xx_ll_usb.o
 .debug_aranges
                0x0000000000000ce8       0xc0 ./Middlewares/ST/STM32_USB_Host_Library/Core/Src/usbh_core.o
 .debug_aranges
                0x0000000000000da8       0x40 ./Middlewares/ST/STM32_USB_Host_Library/Core/Src/usbh_pipes.o
 .debug_aranges
                0x0000000000000de8       0xd8 ./USB_HOST/Target/usbh_conf.o

.debug_ranges   0x0000000000000000      0xdc8
 .debug_ranges  0x0000000000000000       0x48 ./Core/Src/main.o
 .debug_ranges  0x0000000000000048       0x68 ./Core/Src/stm32f4xx_hal_msp.o
 .debug_ranges  0x00000000000000b0       0x68 ./Core/Src/stm32f4xx_it.o
 .debug_ranges  0x0000000000000118       0x18 ./Core/Src/system_stm32f4xx.o
 .debug_ranges  0x0000000000000130       0x20 ./Core/Startup/startup_stm32f407vgtx.o
 .debug_ranges  0x0000000000000150       0xe0 ./Drivers/STM32F4xx_HAL_Driver/Src/stm32f4xx_hal.o
 .debug_ranges  0x0000000000000230       0xd8 ./Drivers/STM32F4xx_HAL_Driver/Src/stm32f4xx_hal_adc.o
 .debug_ranges  0x0000000000000308       0x80 ./Drivers/STM32F4xx_HAL_Driver/Src/stm32f4xx_hal_adc_ex.o
 .debug_ranges  0x0000000000000388      0x108 ./Drivers/STM32F4xx_HAL_Driver/Src/stm32f4xx_hal_cortex.o
 .debug_ranges  0x0000000000000490       0xe8 ./Drivers/STM32F4xx_HAL_Driver/Src/stm32f4xx_hal_hcd.o
 .debug_ranges  0x0000000000000578      0x3c0 ./Drivers/STM32F4xx_HAL_Driver/Src/stm32f4xx_hal_tim.o
 .debug_ranges  0x0000000000000938      0x158 ./Drivers/STM32F4xx_HAL_Driver/Src/stm32f4xx_hal_tim_ex.o
 .debug_ranges  0x0000000000000a90      0x190 ./Drivers/STM32F4xx_HAL_Driver/Src/stm32f4xx_ll_usb.o
 .debug_ranges  0x0000000000000c20       0xb0 ./Middlewares/ST/STM32_USB_Host_Library/Core/Src/usbh_core.o
 .debug_ranges  0x0000000000000cd0       0x30 ./Middlewares/ST/STM32_USB_Host_Library/Core/Src/usbh_pipes.o
 .debug_ranges  0x0000000000000d00       0xc8 ./USB_HOST/Target/usbh_conf.o

.debug_macro    0x0000000000000000    0x22df1
 .debug_macro   0x0000000000000000      0x26d ./Core/Src/main.o
 .debug_macro   0x000000000000026d      0xa78 ./Core/Src/main.o
 .debug_macro   0x0000000000000ce5      0x2b3 ./Core/Src/main.o
 .debug_macro   0x0000000000000f98       0x2e ./Core/Src/main.o
 .debug_macro   0x0000000000000fc6       0x2f ./Core/Src/main.o
 .debug_macro   0x0000000000000ff5       0x22 ./Core/Src/main.o
 .debug_macro   0x0000000000001017       0x8e ./Core/Src/main.o
 .debug_macro   0x00000000000010a5       0x51 ./Core/Src/main.o
 .debug_macro   0x00000000000010f6      0x103 ./Core/Src/main.o
 .debug_macro   0x00000000000011f9       0x6a ./Core/Src/main.o
 .debug_macro   0x0000000000001263      0x1df ./Core/Src/main.o
 .debug_macro   0x0000000000001442       0x1c ./Core/Src/main.o
 .debug_macro   0x000000000000145e       0x22 ./Core/Src/main.o
 .debug_macro   0x0000000000001480       0xd9 ./Core/Src/main.o
 .debug_macro   0x0000000000001559     0x102d ./Core/Src/main.o
 .debug_macro   0x0000000000002586      0x11f ./Core/Src/main.o
 .debug_macro   0x00000000000026a5    0x15e82 ./Core/Src/main.o
 .debug_macro   0x0000000000018527       0x6d ./Core/Src/main.o
 .debug_macro   0x0000000000018594     0x367e ./Core/Src/main.o
 .debug_macro   0x000000000001bc12      0x174 ./Core/Src/main.o
 .debug_macro   0x000000000001bd86       0x5c ./Core/Src/main.o
 .debug_macro   0x000000000001bde2      0x96b ./Core/Src/main.o
 .debug_macro   0x000000000001c74d      0x9fe ./Core/Src/main.o
 .debug_macro   0x000000000001d14b      0x115 ./Core/Src/main.o
 .debug_macro   0x000000000001d260      0x13e ./Core/Src/main.o
 .debug_macro   0x000000000001d39e       0xa5 ./Core/Src/main.o
 .debug_macro   0x000000000001d443      0x174 ./Core/Src/main.o
 .debug_macro   0x000000000001d5b7      0x287 ./Core/Src/main.o
 .debug_macro   0x000000000001d83e       0x5f ./Core/Src/main.o
 .debug_macro   0x000000000001d89d      0x236 ./Core/Src/main.o
 .debug_macro   0x000000000001dad3      0xb5b ./Core/Src/main.o
 .debug_macro   0x000000000001e62e      0x38b ./Core/Src/main.o
 .debug_macro   0x000000000001e9b9      0x176 ./Core/Src/main.o
 .debug_macro   0x000000000001eb2f       0xf9 ./Core/Src/main.o
 .debug_macro   0x000000000001ec28      0x12c ./Core/Src/main.o
 .debug_macro   0x000000000001ed54      0x21e ./Core/Src/main.o
 .debug_macro   0x000000000001ef72       0x2e ./Core/Src/main.o
 .debug_macro   0x000000000001efa0      0x1b5 ./Core/Src/main.o
 .debug_macro   0x000000000001f155       0xd6 ./Core/Src/main.o
 .debug_macro   0x000000000001f22b      0x1a7 ./Core/Src/main.o
 .debug_macro   0x000000000001f3d2       0x46 ./Core/Src/main.o
 .debug_macro   0x000000000001f418       0x4a ./Core/Src/main.o
 .debug_macro   0x000000000001f462      0x11a ./Core/Src/main.o
 .debug_macro   0x000000000001f57c       0x7e ./Core/Src/main.o
 .debug_macro   0x000000000001f5fa       0x89 ./Core/Src/main.o
 .debug_macro   0x000000000001f683      0x225 ./Core/Src/main.o
 .debug_macro   0x000000000001f8a8      0x8e6 ./Core/Src/main.o
 .debug_macro   0x000000000002018e       0x47 ./Core/Src/main.o
 .debug_macro   0x00000000000201d5      0x248 ./Core/Src/main.o
 .debug_macro   0x000000000002041d       0x7c ./Core/Src/main.o
 .debug_macro   0x0000000000020499      0x12d ./Core/Src/main.o
 .debug_macro   0x00000000000205c6      0x190 ./Core/Src/main.o
 .debug_macro   0x0000000000020756      0x251 ./Core/Src/stm32f4xx_hal_msp.o
 .debug_macro   0x00000000000209a7      0x25b ./Core/Src/stm32f4xx_it.o
 .debug_macro   0x0000000000020c02      0x242 ./Core/Src/system_stm32f4xx.o
 .debug_macro   0x0000000000020e44      0x2a2 ./Drivers/STM32F4xx_HAL_Driver/Src/stm32f4xx_hal.o
 .debug_macro   0x00000000000210e6      0x243 ./Drivers/STM32F4xx_HAL_Driver/Src/stm32f4xx_hal_adc.o
 .debug_macro   0x0000000000021329      0x242 ./Drivers/STM32F4xx_HAL_Driver/Src/stm32f4xx_hal_adc_ex.o
 .debug_macro   0x000000000002156b      0x242 ./Drivers/STM32F4xx_HAL_Driver/Src/stm32f4xx_hal_cortex.o
 .debug_macro   0x00000000000217ad      0x242 ./Drivers/STM32F4xx_HAL_Driver/Src/stm32f4xx_hal_hcd.o
 .debug_macro   0x00000000000219ef      0x243 ./Drivers/STM32F4xx_HAL_Driver/Src/stm32f4xx_hal_tim.o
 .debug_macro   0x0000000000021c32      0x242 ./Drivers/STM32F4xx_HAL_Driver/Src/stm32f4xx_hal_tim_ex.o
 .debug_macro   0x0000000000021e74      0x242 ./Drivers/STM32F4xx_HAL_Driver/Src/stm32f4xx_ll_usb.o
 .debug_macro   0x00000000000220b6      0x46d ./Middlewares/ST/STM32_USB_Host_Library/Core/Src/usbh_core.o
 .debug_macro   0x0000000000022523      0x45f ./Middlewares/ST/STM32_USB_Host_Library/Core/Src/usbh_pipes.o
 .debug_macro   0x0000000000022982      0x46f ./USB_HOST/Target/usbh_conf.o

.debug_line     0x0000000000000000    0x10b32
 .debug_line    0x0000000000000000      0x92b ./Core/Src/main.o
 .debug_line    0x000000000000092b      0x989 ./Core/Src/stm32f4xx_hal_msp.o
 .debug_line    0x00000000000012b4      0x8cf ./Core/Src/stm32f4xx_it.o
 .debug_line    0x0000000000001b83      0x846 ./Core/Src/system_stm32f4xx.o
 .debug_line    0x00000000000023c9       0x88 ./Core/Startup/startup_stm32f407vgtx.o
 .debug_line    0x0000000000002451      0xaac ./Drivers/STM32F4xx_HAL_Driver/Src/stm32f4xx_hal.o
 .debug_line    0x0000000000002efd     0x1322 ./Drivers/STM32F4xx_HAL_Driver/Src/stm32f4xx_hal_adc.o
 .debug_line    0x000000000000421f      0xf6c ./Drivers/STM32F4xx_HAL_Driver/Src/stm32f4xx_hal_adc_ex.o
 .debug_line    0x000000000000518b      0xd5b ./Drivers/STM32F4xx_HAL_Driver/Src/stm32f4xx_hal_cortex.o
 .debug_line    0x0000000000005ee6     0x12a9 ./Drivers/STM32F4xx_HAL_Driver/Src/stm32f4xx_hal_hcd.o
 .debug_line    0x000000000000718f     0x37a0 ./Drivers/STM32F4xx_HAL_Driver/Src/stm32f4xx_hal_tim.o
 .debug_line    0x000000000000a92f     0x1aa9 ./Drivers/STM32F4xx_HAL_Driver/Src/stm32f4xx_hal_tim_ex.o
 .debug_line    0x000000000000c3d8     0x1b69 ./Drivers/STM32F4xx_HAL_Driver/Src/stm32f4xx_ll_usb.o
 .debug_line    0x000000000000df41     0x1261 ./Middlewares/ST/STM32_USB_Host_Library/Core/Src/usbh_core.o
 .debug_line    0x000000000000f1a2      0xb67 ./Middlewares/ST/STM32_USB_Host_Library/Core/Src/usbh_pipes.o
 .debug_line    0x000000000000fd09      0xe29 ./USB_HOST/Target/usbh_conf.o

.debug_str      0x0000000000000000    0xdd8f5
 .debug_str     0x0000000000000000    0xd3c9a ./Core/Src/main.o
                                      0xd400e (size before relaxing)
 .debug_str     0x00000000000d3c9a      0xdbd ./Core/Src/stm32f4xx_hal_msp.o
                                      0xd4ce2 (size before relaxing)
 .debug_str     0x00000000000d4a57      0x492 ./Core/Src/stm32f4xx_it.o
                                      0xd4376 (size before relaxing)
 .debug_str     0x00000000000d4ee9       0xdb ./Core/Src/system_stm32f4xx.o
                                      0xd3324 (size before relaxing)
 .debug_str     0x00000000000d4fc4       0x36 ./Core/Startup/startup_stm32f407vgtx.o
                                         0x78 (size before relaxing)
 .debug_str     0x00000000000d4ffa      0x5fa ./Drivers/STM32F4xx_HAL_Driver/Src/stm32f4xx_hal.o
                                      0xd3ea8 (size before relaxing)
 .debug_str     0x00000000000d55f4      0x2b3 ./Drivers/STM32F4xx_HAL_Driver/Src/stm32f4xx_hal_adc.o
                                      0xd3911 (size before relaxing)
 .debug_str     0x00000000000d58a7      0x2df ./Drivers/STM32F4xx_HAL_Driver/Src/stm32f4xx_hal_adc_ex.o
                                      0xd3965 (size before relaxing)
 .debug_str     0x00000000000d5b86      0x330 ./Drivers/STM32F4xx_HAL_Driver/Src/stm32f4xx_hal_cortex.o
                                      0xd3bdb (size before relaxing)
 .debug_str     0x00000000000d5eb6      0x54c ./Drivers/STM32F4xx_HAL_Driver/Src/stm32f4xx_hal_hcd.o
                                      0xd3b01 (size before relaxing)
 .debug_str     0x00000000000d6402      0xe55 ./Drivers/STM32F4xx_HAL_Driver/Src/stm32f4xx_hal_tim.o
                                      0xd469e (size before relaxing)
 .debug_str     0x00000000000d7257      0x503 ./Drivers/STM32F4xx_HAL_Driver/Src/stm32f4xx_hal_tim_ex.o
                                      0xd3eba (size before relaxing)
 .debug_str     0x00000000000d775a      0x520 ./Drivers/STM32F4xx_HAL_Driver/Src/stm32f4xx_ll_usb.o
                                      0xd3c4e (size before relaxing)
 .debug_str     0x00000000000d7c7a     0x5a87 ./Middlewares/ST/STM32_USB_Host_Library/Core/Src/usbh_core.o
                                      0xd933e (size before relaxing)
 .debug_str     0x00000000000dd701       0x98 ./Middlewares/ST/STM32_USB_Host_Library/Core/Src/usbh_pipes.o
                                      0xd907d (size before relaxing)
 .debug_str     0x00000000000dd799      0x15c ./USB_HOST/Target/usbh_conf.o
                                      0xd9f6f (size before relaxing)

.comment        0x0000000000000000       0x50
 .comment       0x0000000000000000       0x50 ./Core/Src/main.o
                                         0x51 (size before relaxing)
 .comment       0x0000000000000050       0x51 ./Core/Src/stm32f4xx_hal_msp.o
 .comment       0x0000000000000050       0x51 ./Core/Src/stm32f4xx_it.o
 .comment       0x0000000000000050       0x51 ./Core/Src/system_stm32f4xx.o
 .comment       0x0000000000000050       0x51 ./Drivers/STM32F4xx_HAL_Driver/Src/stm32f4xx_hal.o
 .comment       0x0000000000000050       0x51 ./Drivers/STM32F4xx_HAL_Driver/Src/stm32f4xx_hal_adc.o
 .comment       0x0000000000000050       0x51 ./Drivers/STM32F4xx_HAL_Driver/Src/stm32f4xx_hal_adc_ex.o
 .comment       0x0000000000000050       0x51 ./Drivers/STM32F4xx_HAL_Driver/Src/stm32f4xx_hal_cortex.o
 .comment       0x0000000000000050       0x51 ./Drivers/STM32F4xx_HAL_Driver/Src/stm32f4xx_hal_hcd.o
 .comment       0x0000000000000050       0x51 ./Drivers/STM32F4xx_HAL_Driver/Src/stm32f4xx_hal_tim.o
 .comment       0x0000000000000050       0x51 ./Drivers/STM32F4xx_HAL_Driver/Src/stm32f4xx_hal_tim_ex.o
 .comment       0x0000000000000050       0x51 ./Drivers/STM32F4xx_HAL_Driver/Src/stm32f4xx_ll_usb.o
 .comment       0x0000000000000050       0x51 ./Middlewares/ST/STM32_USB_Host_Library/Core/Src/usbh_core.o
 .comment       0x0000000000000050       0x51 ./Middlewares/ST/STM32_USB_Host_Library/Core/Src/usbh_pipes.o
 .comment       0x0000000000000050       0x51 ./USB_HOST/Target/usbh_conf.o

.debug_frame    0x0000000000000000     0x3e9c
 .debug_frame   0x0000000000000000      0x110 ./Core/Src/main.o
 .debug_frame   0x0000000000000110      0x1c0 ./Core/Src/stm32f4xx_hal_msp.o
 .debug_frame   0x00000000000002d0      0x158 ./Core/Src/stm32f4xx_it.o
 .debug_frame   0x0000000000000428       0x58 ./Core/Src/system_stm32f4xx.o
 .debug_frame   0x0000000000000480      0x374 ./Drivers/STM32F4xx_HAL_Driver/Src/stm32f4xx_hal.o
 .debug_frame   0x00000000000007f4      0x3fc ./Drivers/STM32F4xx_HAL_Driver/Src/stm32f4xx_hal_adc.o
 .debug_frame   0x0000000000000bf0      0x250 ./Drivers/STM32F4xx_HAL_Driver/Src/stm32f4xx_hal_adc_ex.o
 .debug_frame   0x0000000000000e40      0x498 ./Drivers/STM32F4xx_HAL_Driver/Src/stm32f4xx_hal_cortex.o
 .debug_frame   0x00000000000012d8      0x450 ./Drivers/STM32F4xx_HAL_Driver/Src/stm32f4xx_hal_hcd.o
 .debug_frame   0x0000000000001728     0x11c4 ./Drivers/STM32F4xx_HAL_Driver/Src/stm32f4xx_hal_tim.o
 .debug_frame   0x00000000000028ec      0x638 ./Drivers/STM32F4xx_HAL_Driver/Src/stm32f4xx_hal_tim_ex.o
 .debug_frame   0x0000000000002f24      0x7c0 ./Drivers/STM32F4xx_HAL_Driver/Src/stm32f4xx_ll_usb.o
 .debug_frame   0x00000000000036e4      0x338 ./Middlewares/ST/STM32_USB_Host_Library/Core/Src/usbh_core.o
 .debug_frame   0x0000000000003a1c       0xcc ./Middlewares/ST/STM32_USB_Host_Library/Core/Src/usbh_pipes.o
 .debug_frame   0x0000000000003ae8      0x388 ./USB_HOST/Target/usbh_conf.o
 .debug_frame   0x0000000000003e70       0x2c /Applications/STM32CubeIDE.app/Contents/Eclipse/plugins/com.st.stm32cube.ide.mcu.externaltools.gnu-tools-for-stm32.10.3-2021.10.macos64_1.0.100.202210260954/tools/bin/../lib/gcc/arm-none-eabi/10.3.1/../../../../arm-none-eabi/lib/thumb/v7e-m+fp/hard/libc_nano.a(lib_a-init.o)
